name:  "ixia-c"
nodes:  {
  name:  "otg"
  type:  IXIA_TG
  services:  {
    key:  443
    value:  {
      name:  "https"
      inside:  443
      outside:  443
    }
  }
  services:  {
    key:  40051
    value:  {
      name:  "grpc"
      inside:  40051
      outside:  40051
    }
  }
  services:  {
    key:  50051
    value:  {
      name:  "gnmi"
      inside:  50051
      outside:  50051
    }
  }
  services:  {
    key:  50071
    value:  {
      name:  "gnmi"
      inside:  50051
    }
  }
  version:  "local-latest"
  interfaces:  {
    key:  "eth1"
    value:  {
      name:  "eth1"
      int_name:  "eth1"
      peer_name:  "arista1"
      peer_int_name:  "eth1"
    }
  }
  interfaces:  {
    key:  "eth2"
    value:  {
      name:  "eth2"
      int_name:  "eth2"
      peer_name:  "arista1"
      peer_int_name:  "eth2"
      uid:  1
    }
  }
}
nodes:  {
  name:  "arista1"
  type:  ARISTA_CEOS
  labels:  {
    key:  "model"
    value:  ""
  }
  labels:  {
    key:  "os"
    value:  ""
  }
  labels:  {
    key:  "type"
    value:  "ARISTA_CEOS"
  }
  labels:  {
    key:  "vendor"
    value:  "ARISTA"
  }
  labels:  {
    key:  "version"
    value:  ""
  }
  config:  {
    command:  "/sbin/init"
    command:  "systemd.setenv=INTFTYPE=eth"
    command:  "systemd.setenv=ETBA=1"
    command:  "systemd.setenv=SKIP_ZEROTOUCH_BARRIER_IN_SYSDBINIT=1"
    command:  "systemd.setenv=CEOS=1"
    command:  "systemd.setenv=EOS_PLATFORM=ceoslab"
    command:  "systemd.setenv=container=docker"
    image:  "us-central1-docker.pkg.dev/kt-nts-athena-dev/keysight/ceos:4.28.01F"
    env:  {
      key:  "CEOS"
      value:  "1"
    }
    env:  {
      key:  "EOS_PLATFORM"
      value:  "ceoslab"
    }
    env:  {
      key:  "ETBA"
      value:  "1"
    }
    env:  {
      key:  "INTFTYPE"
      value:  "eth"
    }
    env:  {
      key:  "SKIP_ZEROTOUCH_BARRIER_IN_SYSDBINIT"
      value:  "1"
    }
    env:  {
      key:  "container"
      value:  "docker"
    }
    entry_command:  "kubectl exec -it arista1 -- Cli"
    config_path:  "/mnt/flash"
    config_file:  "startup-config"
  }
  services:  {
    key:  22
    value:  {
      name:  "ssh"
      inside:  22
      outside:  22
    }
  }
  services:  {
    key:  443
    value:  {
      name:  "ssl"
      inside:  443
      outside:  443
    }
  }
  services:  {
    key:  6030
    value:  {
      name:  "gnmi"
      inside:  6030
      outside:  6030
    }
  }
  constraints:  {
    key:  "cpu"
    value:  "0.5"
  }
  constraints:  {
    key:  "memory"
    value:  "1Gi"
  }
  interfaces:  {
    key:  "eth1"
    value:  {
      name:  "Ethernet1"
      int_name:  "eth1"
      peer_name:  "otg"
      peer_int_name:  "eth1"
    }
  }
  interfaces:  {
    key:  "eth2"
    value:  {
      name:  "Ethernet2"
      int_name:  "eth2"
      peer_name:  "otg"
      peer_int_name:  "eth2"
      uid:  1
    }
  }
}
links:  {
  a_node:  "otg"
  a_int:  "eth1"
  z_node:  "arista1"
  z_int:  "eth1"
}
links:  {
  a_node:  "arista1"
  a_int:  "eth2"
  z_node:  "otg"
  z_int:  "eth2"
}